// Jest Snapshot v1, https://goo.gl/fbAQLP

exports[`should render AddContactPage correctly 1`] = `
<div>
  <AppBar
    iconElementLeft={
      <IconButton
        disableTouchRipple={false}
        disabled={false}
        iconStyle={Object {}}
        onClick={[Function]}
        tooltipPosition="bottom-center"
        touch={false}
      >
        <NavigationArrowBack />
      </IconButton>
    }
    iconElementRight={
      <IconButton
        disableTouchRipple={false}
        disabled={false}
        iconStyle={Object {}}
        onClick={[Function]}
        tooltipPosition="bottom-center"
        touch={false}
        type="button"
      >
        <ActionDone />
      </IconButton>
    }
    showMenuIconButton={true}
    title="Add new contact"
    zDepth={1}
  />
  <Paper
    circle={false}
    rounded={false}
    style={
      Object {
        "display": "inline-block",
        "textAlign": "center",
      }
    }
    transitionEnabled={true}
    zDepth={1}
  >
    <form
      id="contact-details"
    >
      <TextField
        disabled={false}
        floatingLabelFixed={false}
        fullWidth={false}
        hintText="First name"
        multiLine={false}
        onChange={[Function]}
        rows={1}
        type="text"
        underlineShow={true}
      />
      <TextField
        disabled={false}
        floatingLabelFixed={false}
        fullWidth={false}
        hintText="Last name"
        multiLine={false}
        onChange={[Function]}
        rows={1}
        type="text"
        underlineShow={true}
      />
      <TextField
        disabled={false}
        floatingLabelFixed={false}
        fullWidth={false}
        hintText="Age"
        multiLine={false}
        onChange={[Function]}
        rows={1}
        type="text"
        underlineShow={true}
      />
    </form>
  </Paper>
</div>
`;
